vite.config.ts(11,11): error TS2769: No overload matches this call.
  The last overload gave the following error.
    Type '{ manualChunks: { 'react-vendor': string[]; recharts: string[]; lucide: string[]; }; }' is not assignable to type 'OutputOptions | OutputOptions[] | undefined'.
      Types of property 'manualChunks' are incompatible.
        Object literal may only specify known properties, and ''react-vendor'' does not exist in type 'ManualChunksFunction'.
